Archive member included to satisfy reference by file (symbol)

c:/st/stm32cubeide_1.6.1/stm32cubeide/plugins/com.st.stm32cube.ide.mcu.externaltools.gnu-tools-for-stm32.9-2020-q2-update.win32_1.5.0.202011040924/tools/bin/../lib/gcc/arm-none-eabi/9.3.1/../../../../arm-none-eabi/lib/thumb/v7e-m+fp/hard\libc_nano.a(lib_a-errno.o)
                              Core/Src/syscalls.o (__errno)
c:/st/stm32cubeide_1.6.1/stm32cubeide/plugins/com.st.stm32cube.ide.mcu.externaltools.gnu-tools-for-stm32.9-2020-q2-update.win32_1.5.0.202011040924/tools/bin/../lib/gcc/arm-none-eabi/9.3.1/../../../../arm-none-eabi/lib/thumb/v7e-m+fp/hard\libc_nano.a(lib_a-exit.o)
                              c:/st/stm32cubeide_1.6.1/stm32cubeide/plugins/com.st.stm32cube.ide.mcu.externaltools.gnu-tools-for-stm32.9-2020-q2-update.win32_1.5.0.202011040924/tools/bin/../lib/gcc/arm-none-eabi/9.3.1/../../../../arm-none-eabi/lib/thumb/v7e-m+fp/hard/crt0.o (exit)
c:/st/stm32cubeide_1.6.1/stm32cubeide/plugins/com.st.stm32cube.ide.mcu.externaltools.gnu-tools-for-stm32.9-2020-q2-update.win32_1.5.0.202011040924/tools/bin/../lib/gcc/arm-none-eabi/9.3.1/../../../../arm-none-eabi/lib/thumb/v7e-m+fp/hard\libc_nano.a(lib_a-impure.o)
                              c:/st/stm32cubeide_1.6.1/stm32cubeide/plugins/com.st.stm32cube.ide.mcu.externaltools.gnu-tools-for-stm32.9-2020-q2-update.win32_1.5.0.202011040924/tools/bin/../lib/gcc/arm-none-eabi/9.3.1/../../../../arm-none-eabi/lib/thumb/v7e-m+fp/hard\libc_nano.a(lib_a-exit.o) (_global_impure_ptr)
c:/st/stm32cubeide_1.6.1/stm32cubeide/plugins/com.st.stm32cube.ide.mcu.externaltools.gnu-tools-for-stm32.9-2020-q2-update.win32_1.5.0.202011040924/tools/bin/../lib/gcc/arm-none-eabi/9.3.1/../../../../arm-none-eabi/lib/thumb/v7e-m+fp/hard\libc_nano.a(lib_a-init.o)
                              c:/st/stm32cubeide_1.6.1/stm32cubeide/plugins/com.st.stm32cube.ide.mcu.externaltools.gnu-tools-for-stm32.9-2020-q2-update.win32_1.5.0.202011040924/tools/bin/../lib/gcc/arm-none-eabi/9.3.1/../../../../arm-none-eabi/lib/thumb/v7e-m+fp/hard/crt0.o (__libc_init_array)
c:/st/stm32cubeide_1.6.1/stm32cubeide/plugins/com.st.stm32cube.ide.mcu.externaltools.gnu-tools-for-stm32.9-2020-q2-update.win32_1.5.0.202011040924/tools/bin/../lib/gcc/arm-none-eabi/9.3.1/../../../../arm-none-eabi/lib/thumb/v7e-m+fp/hard\libc_nano.a(lib_a-memset.o)
                              c:/st/stm32cubeide_1.6.1/stm32cubeide/plugins/com.st.stm32cube.ide.mcu.externaltools.gnu-tools-for-stm32.9-2020-q2-update.win32_1.5.0.202011040924/tools/bin/../lib/gcc/arm-none-eabi/9.3.1/../../../../arm-none-eabi/lib/thumb/v7e-m+fp/hard/crt0.o (memset)
c:/st/stm32cubeide_1.6.1/stm32cubeide/plugins/com.st.stm32cube.ide.mcu.externaltools.gnu-tools-for-stm32.9-2020-q2-update.win32_1.5.0.202011040924/tools/bin/../lib/gcc/arm-none-eabi/9.3.1/thumb/v7e-m+fp/hard\libgcc.a(_arm_muldf3.o)
                              Core/Src/main.o (__aeabi_dmul)
c:/st/stm32cubeide_1.6.1/stm32cubeide/plugins/com.st.stm32cube.ide.mcu.externaltools.gnu-tools-for-stm32.9-2020-q2-update.win32_1.5.0.202011040924/tools/bin/../lib/gcc/arm-none-eabi/9.3.1/thumb/v7e-m+fp/hard\libgcc.a(_arm_addsubdf3.o)
                              Core/Src/main.o (__aeabi_dsub)
c:/st/stm32cubeide_1.6.1/stm32cubeide/plugins/com.st.stm32cube.ide.mcu.externaltools.gnu-tools-for-stm32.9-2020-q2-update.win32_1.5.0.202011040924/tools/bin/../lib/gcc/arm-none-eabi/9.3.1/thumb/v7e-m+fp/hard\libgcc.a(_arm_muldivdf3.o)
                              Core/Src/main.o (__aeabi_ddiv)
c:/st/stm32cubeide_1.6.1/stm32cubeide/plugins/com.st.stm32cube.ide.mcu.externaltools.gnu-tools-for-stm32.9-2020-q2-update.win32_1.5.0.202011040924/tools/bin/../lib/gcc/arm-none-eabi/9.3.1/thumb/v7e-m+fp/hard\libgcc.a(_arm_cmpdf2.o)
                              Core/Src/main.o (__aeabi_dcmpge)
c:/st/stm32cubeide_1.6.1/stm32cubeide/plugins/com.st.stm32cube.ide.mcu.externaltools.gnu-tools-for-stm32.9-2020-q2-update.win32_1.5.0.202011040924/tools/bin/../lib/gcc/arm-none-eabi/9.3.1/thumb/v7e-m+fp/hard\libgcc.a(_arm_truncdfsf2.o)
                              Core/Src/main.o (__aeabi_d2f)
c:/st/stm32cubeide_1.6.1/stm32cubeide/plugins/com.st.stm32cube.ide.mcu.externaltools.gnu-tools-for-stm32.9-2020-q2-update.win32_1.5.0.202011040924/tools/bin/../lib/gcc/arm-none-eabi/9.3.1/thumb/v7e-m+fp/hard\libgcc.a(_aeabi_uldivmod.o)
                              Drivers/STM32F4xx_HAL_Driver/Src/stm32f4xx_hal_rcc.o (__aeabi_uldivmod)
c:/st/stm32cubeide_1.6.1/stm32cubeide/plugins/com.st.stm32cube.ide.mcu.externaltools.gnu-tools-for-stm32.9-2020-q2-update.win32_1.5.0.202011040924/tools/bin/../lib/gcc/arm-none-eabi/9.3.1/thumb/v7e-m+fp/hard\libgcc.a(_udivmoddi4.o)
                              c:/st/stm32cubeide_1.6.1/stm32cubeide/plugins/com.st.stm32cube.ide.mcu.externaltools.gnu-tools-for-stm32.9-2020-q2-update.win32_1.5.0.202011040924/tools/bin/../lib/gcc/arm-none-eabi/9.3.1/thumb/v7e-m+fp/hard\libgcc.a(_aeabi_uldivmod.o) (__udivmoddi4)
[...]
Memory Configuration

Name             Origin             Length             Attributes
RAM              0x0000000020000000 0x0000000000010000 xrw
FLASH            0x0000000008000000 0x0000000000040000 xr
*default*        0x0000000000000000 0xffffffffffffffff

Linker script and memory map

LOAD c:/st/stm32cubeide_1.6.1/stm32cubeide/plugins/com.st.stm32cube.ide.mcu.externaltools.gnu-tools-for-stm32.9-2020-q2-update.win32_1.5.0.202011040924/tools/bin/../lib/gcc/arm-none-eabi/9.3.1/thumb/v7e-m+fp/hard/crti.o
LOAD c:/st/stm32cubeide_1.6.1/stm32cubeide/plugins/com.st.stm32cube.ide.mcu.externaltools.gnu-tools-for-stm32.9-2020-q2-update.win32_1.5.0.202011040924/tools/bin/../lib/gcc/arm-none-eabi/9.3.1/thumb/v7e-m+fp/hard/crtbegin.o
LOAD c:/st/stm32cubeide_1.6.1/stm32cubeide/plugins/com.st.stm32cube.ide.mcu.externaltools.gnu-tools-for-stm32.9-2020-q2-update.win32_1.5.0.202011040924/tools/bin/../lib/gcc/arm-none-eabi/9.3.1/../../../../arm-none-eabi/lib/thumb/v7e-m+fp/hard/crt0.o
LOAD Core/Src/NRF24L01.o
LOAD Core/Src/dma.o
LOAD Core/Src/gpio.o
LOAD Core/Src/main.o
LOAD Core/Src/spi.o
LOAD Core/Src/stm32f4xx_hal_msp.o
LOAD Core/Src/stm32f4xx_it.o
LOAD Core/Src/syscalls.o
LOAD Core/Src/sysmem.o
LOAD Core/Src/system_stm32f4xx.o
LOAD Core/Src/tim.o
LOAD Core/Startup/startup_stm32f401ccux.o
LOAD Drivers/STM32F4xx_HAL_Driver/Src/stm32f4xx_hal.o
LOAD Drivers/STM32F4xx_HAL_Driver/Src/stm32f4xx_hal_cortex.o
LOAD Drivers/STM32F4xx_HAL_Driver/Src/stm32f4xx_hal_dma.o
LOAD Drivers/STM32F4xx_HAL_Driver/Src/stm32f4xx_hal_dma_ex.o
LOAD Drivers/STM32F4xx_HAL_Driver/Src/stm32f4xx_hal_exti.o
LOAD Drivers/STM32F4xx_HAL_Driver/Src/stm32f4xx_hal_flash.o
LOAD Drivers/STM32F4xx_HAL_Driver/Src/stm32f4xx_hal_flash_ex.o
LOAD Drivers/STM32F4xx_HAL_Driver/Src/stm32f4xx_hal_flash_ramfunc.o
LOAD Drivers/STM32F4xx_HAL_Driver/Src/stm32f4xx_hal_gpio.o
LOAD Drivers/STM32F4xx_HAL_Driver/Src/stm32f4xx_hal_pwr.o
LOAD Drivers/STM32F4xx_HAL_Driver/Src/stm32f4xx_hal_pwr_ex.o
LOAD Drivers/STM32F4xx_HAL_Driver/Src/stm32f4xx_hal_rcc.o
LOAD Drivers/STM32F4xx_HAL_Driver/Src/stm32f4xx_hal_rcc_ex.o
LOAD Drivers/STM32F4xx_HAL_Driver/Src/stm32f4xx_hal_spi.o
LOAD Drivers/STM32F4xx_HAL_Driver/Src/stm32f4xx_hal_tim.o
LOAD Drivers/STM32F4xx_HAL_Driver/Src/stm32f4xx_hal_tim_ex.o
START GROUP
LOAD c:/st/stm32cubeide_1.6.1/stm32cubeide/plugins/com.st.stm32cube.ide.mcu.externaltools.gnu-tools-for-stm32.9-2020-q2-update.win32_1.5.0.202011040924/tools/bin/../lib/gcc/arm-none-eabi/9.3.1/../../../../arm-none-eabi/lib/thumb/v7e-m+fp/hard\libc_nano.a
LOAD c:/st/stm32cubeide_1.6.1/stm32cubeide/plugins/com.st.stm32cube.ide.mcu.externaltools.gnu-tools-for-stm32.9-2020-q2-update.win32_1.5.0.202011040924/tools/bin/../lib/gcc/arm-none-eabi/9.3.1/../../../../arm-none-eabi/lib/thumb/v7e-m+fp/hard\libm.a
END GROUP
START GROUP
LOAD c:/st/stm32cubeide_1.6.1/stm32cubeide/plugins/com.st.stm32cube.ide.mcu.externaltools.gnu-tools-for-stm32.9-2020-q2-update.win32_1.5.0.202011040924/tools/bin/../lib/gcc/arm-none-eabi/9.3.1/thumb/v7e-m+fp/hard\libgcc.a
LOAD c:/st/stm32cubeide_1.6.1/stm32cubeide/plugins/com.st.stm32cube.ide.mcu.externaltools.gnu-tools-for-stm32.9-2020-q2-update.win32_1.5.0.202011040924/tools/bin/../lib/gcc/arm-none-eabi/9.3.1/../../../../arm-none-eabi/lib/thumb/v7e-m+fp/hard\libc_nano.a
END GROUP
START GROUP
LOAD c:/st/stm32cubeide_1.6.1/stm32cubeide/plugins/com.st.stm32cube.ide.mcu.externaltools.gnu-tools-for-stm32.9-2020-q2-update.win32_1.5.0.202011040924/tools/bin/../lib/gcc/arm-none-eabi/9.3.1/thumb/v7e-m+fp/hard\libgcc.a
LOAD c:/st/stm32cubeide_1.6.1/stm32cubeide/plugins/com.st.stm32cube.ide.mcu.externaltools.gnu-tools-for-stm32.9-2020-q2-update.win32_1.5.0.202011040924/tools/bin/../lib/gcc/arm-none-eabi/9.3.1/../../../../arm-none-eabi/lib/thumb/v7e-m+fp/hard\libc_nano.a
LOAD c:/st/stm32cubeide_1.6.1/stm32cubeide/plugins/com.st.stm32cube.ide.mcu.externaltools.gnu-tools-for-stm32.9-2020-q2-update.win32_1.5.0.202011040924/tools/bin/../lib/gcc/arm-none-eabi/9.3.1/../../../../arm-none-eabi/lib/thumb/v7e-m+fp/hard\libnosys.a
END GROUP
START GROUP
LOAD c:/st/stm32cubeide_1.6.1/stm32cubeide/plugins/com.st.stm32cube.ide.mcu.externaltools.gnu-tools-for-stm32.9-2020-q2-update.win32_1.5.0.202011040924/tools/bin/../lib/gcc/arm-none-eabi/9.3.1/thumb/v7e-m+fp/hard\libgcc.a
LOAD c:/st/stm32cubeide_1.6.1/stm32cubeide/plugins/com.st.stm32cube.ide.mcu.externaltools.gnu-tools-for-stm32.9-2020-q2-update.win32_1.5.0.202011040924/tools/bin/../lib/gcc/arm-none-eabi/9.3.1/../../../../arm-none-eabi/lib/thumb/v7e-m+fp/hard\libc_nano.a
LOAD c:/st/stm32cubeide_1.6.1/stm32cubeide/plugins/com.st.stm32cube.ide.mcu.externaltools.gnu-tools-for-stm32.9-2020-q2-update.win32_1.5.0.202011040924/tools/bin/../lib/gcc/arm-none-eabi/9.3.1/../../../../arm-none-eabi/lib/thumb/v7e-m+fp/hard\libnosys.a
END GROUP
LOAD c:/st/stm32cubeide_1.6.1/stm32cubeide/plugins/com.st.stm32cube.ide.mcu.externaltools.gnu-tools-for-stm32.9-2020-q2-update.win32_1.5.0.202011040924/tools/bin/../lib/gcc/arm-none-eabi/9.3.1/thumb/v7e-m+fp/hard/crtend.o
LOAD c:/st/stm32cubeide_1.6.1/stm32cubeide/plugins/com.st.stm32cube.ide.mcu.externaltools.gnu-tools-for-stm32.9-2020-q2-update.win32_1.5.0.202011040924/tools/bin/../lib/gcc/arm-none-eabi/9.3.1/thumb/v7e-m+fp/hard/crtn.o
                0x0000000020010000                _estack = (ORIGIN (RAM) + LENGTH (RAM))
                0x0000000000000200                _Min_Heap_Size = 0x200
                0x0000000000000400                _Min_Stack_Size = 0x400

.isr_vector     0x0000000008000000      0x194
                0x0000000008000000                . = ALIGN (0x4)
 *(.isr_vector)
 .isr_vector    0x0000000008000000      0x194 Core/Startup/startup_stm32f401ccux.o
                0x0000000008000000                g_pfnVectors
                0x0000000008000194                . = ALIGN (0x4)

.text           0x0000000008000198     0x5b6c
                0x0000000008000198                . = ALIGN (0x4)
 *(.text)
 .text          0x0000000008000198       0x40 c:/st/stm32cubeide_1.6.1/stm32cubeide/plugins/com.st.stm32cube.ide.mcu.externaltools.gnu-tools-for-stm32.9-2020-q2-update.win32_1.5.0.202011040924/tools/bin/../lib/gcc/arm-none-eabi/9.3.1/thumb/v7e-m+fp/hard/crtbegin.o
 .text          0x00000000080001d8      0x378 c:/st/stm32cubeide_1.6.1/stm32cubeide/plugins/com.st.stm32cube.ide.mcu.externaltools.gnu-tools-for-stm32.9-2020-q2-update.win32_1.5.0.202011040924/tools/bin/../lib/gcc/arm-none-eabi/9.3.1/thumb/v7e-m+fp/hard\libgcc.a(_arm_addsubdf3.o)
                0x00000000080001d8                __aeabi_drsub
                0x00000000080001e0                __aeabi_dsub
                0x00000000080001e0                __subdf3
                0x00000000080001e4                __aeabi_dadd
                0x00000000080001e4                __adddf3
                0x000000000800045c                __floatunsidf
                0x000000000800045c                __aeabi_ui2d
                0x000000000800047c                __floatsidf
                0x000000000800047c                __aeabi_i2d
                0x00000000080004a0                __aeabi_f2d
                0x00000000080004a0                __extendsfdf2
                0x00000000080004e4                __floatundidf
                0x00000000080004e4                __aeabi_ul2d
                0x00000000080004f4                __floatdidf
                0x00000000080004f4                __aeabi_l2d
 .text          0x0000000008000550      0x424 c:/st/stm32cubeide_1.6.1/stm32cubeide/plugins/com.st.stm32cube.ide.mcu.externaltools.gnu-tools-for-stm32.9-2020-q2-update.win32_1.5.0.202011040924/tools/bin/../lib/gcc/arm-none-eabi/9.3.1/thumb/v7e-m+fp/hard\libgcc.a(_arm_muldivdf3.o)
                0x0000000008000550                __aeabi_dmul
                0x0000000008000550                __muldf3
                0x00000000080007a4                __divdf3
                0x00000000080007a4                __aeabi_ddiv
 .text          0x0000000008000974       0xa0 c:/st/stm32cubeide_1.6.1/stm32cubeide/plugins/com.st.stm32cube.ide.mcu.externaltools.gnu-tools-for-stm32.9-2020-q2-update.win32_1.5.0.202011040924/tools/bin/../lib/gcc/arm-none-eabi/9.3.1/thumb/v7e-m+fp/hard\libgcc.a(_arm_truncdfsf2.o)
                0x0000000008000974                __truncdfsf2
                0x0000000008000974                __aeabi_d2f
 .text          0x0000000008000a14       0x30 c:/st/stm32cubeide_1.6.1/stm32cubeide/plugins/com.st.stm32cube.ide.mcu.externaltools.gnu-tools-for-stm32.9-2020-q2-update.win32_1.5.0.202011040924/tools/bin/../lib/gcc/arm-none-eabi/9.3.1/thumb/v7e-m+fp/hard\libgcc.a(_aeabi_uldivmod.o)
                0x0000000008000a14                __aeabi_uldivmod
 .text          0x0000000008000a44      0x2c4 c:/st/stm32cubeide_1.6.1/stm32cubeide/plugins/com.st.stm32cube.ide.mcu.externaltools.gnu-tools-for-stm32.9-2020-q2-update.win32_1.5.0.202011040924/tools/bin/../lib/gcc/arm-none-eabi/9.3.1/thumb/v7e-m+fp/hard\libgcc.a(_udivmoddi4.o)
                0x0000000008000a44                __udivmoddi4
 .text          0x0000000008000d08        0x4 c:/st/stm32cubeide_1.6.1/stm32cubeide/plugins/com.st.stm32cube.ide.mcu.externaltools.gnu-tools-for-stm32.9-2020-q2-update.win32_1.5.0.202011040924/tools/bin/../lib/gcc/arm-none-eabi/9.3.1/thumb/v7e-m+fp/hard\libgcc.a(_dvmd_tls.o)
                0x0000000008000d08                __aeabi_idiv0
                0x0000000008000d08                __aeabi_ldiv0
 *(.text*)
 .text.nrf24_WriteReg
                0x0000000008000d0c       0x50 Core/Src/NRF24L01.o
 .text.nrf24_WriteReg_Multi
                0x0000000008000d5c       0x58 Core/Src/NRF24L01.o
 .text.nrf24_ReadReg
                0x0000000008000db4       0x4c Core/Src/NRF24L01.o
 .text.nrfsendCmd
                0x0000000008000e00       0x3c Core/Src/NRF24L01.o
 .text.nrf24_reset
                0x0000000008000e3c      0x150 Core/Src/NRF24L01.o
                0x0000000008000e3c                nrf24_reset
 .text.NRF24_Init
                0x0000000008000f8c       0x54 Core/Src/NRF24L01.o
                0x0000000008000f8c                NRF24_Init
 .text.SetRF    0x0000000008000fe0       0x78 Core/Src/NRF24L01.o
                0x0000000008000fe0                SetRF
 .text.NRF24_RxMode
                0x0000000008001058       0x7c Core/Src/NRF24L01.o
                0x0000000008001058                NRF24_RxMode
 .text.DataReady
                0x00000000080010d4       0x46 Core/Src/NRF24L01.o
                0x00000000080010d4                DataReady
 .text.RxFifoEmpty
                0x000000000800111a       0x1a Core/Src/NRF24L01.o
                0x000000000800111a                RxFifoEmpty
 .text.NRF24_Receive
                0x0000000008001134       0x64 Core/Src/NRF24L01.o
                0x0000000008001134                NRF24_Receive
 .text.MX_DMA_Init
                0x0000000008001198       0x40 Core/Src/dma.o
                0x0000000008001198                MX_DMA_Init
 .text.MX_GPIO_Init
                0x00000000080011d8       0xa0 Core/Src/gpio.o
                0x00000000080011d8                MX_GPIO_Init
 .text.HAL_TIM_PWM_PulseFinishedCallback
                0x0000000008001278       0x28 Core/Src/main.o
                0x0000000008001278                HAL_TIM_PWM_PulseFinishedCallback
 .text.Set_LED  0x00000000080012a0       0x5c Core/Src/main.o
                0x00000000080012a0                Set_LED
 .text.WS2812_Send
                0x00000000080012fc       0xdc Core/Src/main.o
                0x00000000080012fc                WS2812_Send
 .text.Reset_LED
                0x00000000080013d8       0x5c Core/Src/main.o
                0x00000000080013d8                Reset_LED
 .text.map      0x0000000008001434       0x8c Core/Src/main.o
                0x0000000008001434                map
 .text.reset_data
                0x00000000080014c0       0x44 Core/Src/main.o
                0x00000000080014c0                reset_data
 *fill*         0x0000000008001504        0x4 
 .text.main     0x0000000008001508      0x9e8 Core/Src/main.o
                0x0000000008001508                main
 .text.SystemClock_Config
                0x0000000008001ef0       0xd4 Core/Src/main.o
                0x0000000008001ef0                SystemClock_Config
 .text.Error_Handler
                0x0000000008001fc4        0xa Core/Src/main.o
                0x0000000008001fc4                Error_Handler
 *fill*         0x0000000008001fce        0x2 
 .text.MX_SPI1_Init
                0x0000000008001fd0       0x6c Core/Src/spi.o
                0x0000000008001fd0                MX_SPI1_Init
 .text.HAL_SPI_MspInit
                0x000000000800203c       0x90 Core/Src/spi.o
                0x000000000800203c                HAL_SPI_MspInit
 .text.HAL_MspInit
                0x00000000080020cc       0x50 Core/Src/stm32f4xx_hal_msp.o
                0x00000000080020cc                HAL_MspInit
 .text.NMI_Handler
                0x000000000800211c        0x6 Core/Src/stm32f4xx_it.o
                0x000000000800211c                NMI_Handler
 .text.HardFault_Handler
                0x0000000008002122        0x6 Core/Src/stm32f4xx_it.o
                0x0000000008002122                HardFault_Handler
 .text.MemManage_Handler
                0x0000000008002128        0x6 Core/Src/stm32f4xx_it.o
                0x0000000008002128                MemManage_Handler
 .text.BusFault_Handler
                0x000000000800212e        0x6 Core/Src/stm32f4xx_it.o
                0x000000000800212e                BusFault_Handler
 .text.UsageFault_Handler
                0x0000000008002134        0x6 Core/Src/stm32f4xx_it.o
                0x0000000008002134                UsageFault_Handler
 .text.SVC_Handler
                0x000000000800213a        0xe Core/Src/stm32f4xx_it.o
                0x000000000800213a                SVC_Handler
 .text.DebugMon_Handler
                0x0000000008002148        0xe Core/Src/stm32f4xx_it.o
                0x0000000008002148                DebugMon_Handler
 .text.PendSV_Handler
                0x0000000008002156        0xe Core/Src/stm32f4xx_it.o
                0x0000000008002156                PendSV_Handler
 .text.SysTick_Handler
                0x0000000008002164        0xc Core/Src/stm32f4xx_it.o
                0x0000000008002164                SysTick_Handler
 .text.DMA2_Stream1_IRQHandler
                0x0000000008002170       0x14 Core/Src/stm32f4xx_it.o
                0x0000000008002170                DMA2_Stream1_IRQHandler
 .text.SystemInit
                0x0000000008002184       0x24 Core/Src/system_stm32f4xx.o
                0x0000000008002184                SystemInit
 .text.MX_TIM1_Init
                0x00000000080021a8      0x140 Core/Src/tim.o
                0x00000000080021a8                MX_TIM1_Init
 .text.MX_TIM2_Init
                0x00000000080022e8      0x12c Core/Src/tim.o
                0x00000000080022e8                MX_TIM2_Init
 .text.MX_TIM3_Init
                0x0000000008002414      0x130 Core/Src/tim.o
                0x0000000008002414                MX_TIM3_Init
 .text.HAL_TIM_Base_MspInit
                0x0000000008002544       0xfc Core/Src/tim.o
                0x0000000008002544                HAL_TIM_Base_MspInit
 .text.HAL_TIM_MspPostInit
                0x0000000008002640      0x148 Core/Src/tim.o
                0x0000000008002640                HAL_TIM_MspPostInit
 .text.Reset_Handler
                0x0000000008002788       0x50 Core/Startup/startup_stm32f401ccux.o
                0x0000000008002788                Reset_Handler
 .text.Default_Handler
                0x00000000080027d8        0x2 Core/Startup/startup_stm32f401ccux.o
                0x00000000080027d8                RTC_Alarm_IRQHandler
                0x00000000080027d8                EXTI2_IRQHandler
                0x00000000080027d8                SPI4_IRQHandler
                0x00000000080027d8                TIM1_CC_IRQHandler
                0x00000000080027d8                DMA2_Stream5_IRQHandler
                0x00000000080027d8                DMA1_Stream5_IRQHandler
                0x00000000080027d8                PVD_IRQHandler
                0x00000000080027d8                SDIO_IRQHandler
                0x00000000080027d8                TAMP_STAMP_IRQHandler
                0x00000000080027d8                EXTI3_IRQHandler
                0x00000000080027d8                TIM1_UP_TIM10_IRQHandler
                0x00000000080027d8                I2C3_ER_IRQHandler
                0x00000000080027d8                EXTI0_IRQHandler
                0x00000000080027d8                I2C2_EV_IRQHandler
                0x00000000080027d8                DMA1_Stream2_IRQHandler
                0x00000000080027d8                FPU_IRQHandler
                0x00000000080027d8                DMA2_Stream2_IRQHandler
                0x00000000080027d8                SPI1_IRQHandler
                0x00000000080027d8                TIM1_BRK_TIM9_IRQHandler
                0x00000000080027d8                DMA2_Stream3_IRQHandler
                0x00000000080027d8                USART6_IRQHandler
                0x00000000080027d8                DMA2_Stream0_IRQHandler
                0x00000000080027d8                TIM4_IRQHandler
                0x00000000080027d8                I2C1_EV_IRQHandler
                0x00000000080027d8                DMA1_Stream6_IRQHandler
                0x00000000080027d8                DMA1_Stream1_IRQHandler
                0x00000000080027d8                TIM3_IRQHandler
                0x00000000080027d8                RCC_IRQHandler
                0x00000000080027d8                Default_Handler
                0x00000000080027d8                EXTI15_10_IRQHandler
                0x00000000080027d8                ADC_IRQHandler
                0x00000000080027d8                DMA1_Stream7_IRQHandler
                0x00000000080027d8                TIM5_IRQHandler
                0x00000000080027d8                DMA2_Stream7_IRQHandler
                0x00000000080027d8                I2C3_EV_IRQHandler
                0x00000000080027d8                EXTI9_5_IRQHandler
                0x00000000080027d8                RTC_WKUP_IRQHandler
                0x00000000080027d8                SPI2_IRQHandler
                0x00000000080027d8                DMA1_Stream0_IRQHandler
                0x00000000080027d8                EXTI4_IRQHandler
                0x00000000080027d8                WWDG_IRQHandler
                0x00000000080027d8                TIM2_IRQHandler
                0x00000000080027d8                OTG_FS_WKUP_IRQHandler
                0x00000000080027d8                TIM1_TRG_COM_TIM11_IRQHandler
                0x00000000080027d8                EXTI1_IRQHandler
                0x00000000080027d8                USART2_IRQHandler
                0x00000000080027d8                I2C2_ER_IRQHandler
                0x00000000080027d8                FLASH_IRQHandler
                0x00000000080027d8                DMA2_Stream4_IRQHandler
                0x00000000080027d8                USART1_IRQHandler
                0x00000000080027d8                OTG_FS_IRQHandler
                0x00000000080027d8                SPI3_IRQHandler
                0x00000000080027d8                DMA1_Stream4_IRQHandler
                0x00000000080027d8                I2C1_ER_IRQHandler
                0x00000000080027d8                DMA2_Stream6_IRQHandler
                0x00000000080027d8                DMA1_Stream3_IRQHandler
 *fill*         0x00000000080027da        0x2 
 .text.HAL_Init
                0x00000000080027dc       0x44 Drivers/STM32F4xx_HAL_Driver/Src/stm32f4xx_hal.o
                0x00000000080027dc                HAL_Init
 .text.HAL_InitTick
                0x0000000008002820       0x60 Drivers/STM32F4xx_HAL_Driver/Src/stm32f4xx_hal.o
                0x0000000008002820                HAL_InitTick
 .text.HAL_IncTick
                0x0000000008002880       0x28 Drivers/STM32F4xx_HAL_Driver/Src/stm32f4xx_hal.o
                0x0000000008002880                HAL_IncTick
 .text.HAL_GetTick
                0x00000000080028a8       0x18 Drivers/STM32F4xx_HAL_Driver/Src/stm32f4xx_hal.o
                0x00000000080028a8                HAL_GetTick
 .text.HAL_Delay
                0x00000000080028c0       0x48 Drivers/STM32F4xx_HAL_Driver/Src/stm32f4xx_hal.o
                0x00000000080028c0                HAL_Delay
 .text.__NVIC_SetPriorityGrouping
                0x0000000008002908       0x48 Drivers/STM32F4xx_HAL_Driver/Src/stm32f4xx_hal_cortex.o
 .text.__NVIC_GetPriorityGrouping
                0x0000000008002950       0x1c Drivers/STM32F4xx_HAL_Driver/Src/stm32f4xx_hal_cortex.o
 .text.__NVIC_EnableIRQ
                0x000000000800296c       0x3c Drivers/STM32F4xx_HAL_Driver/Src/stm32f4xx_hal_cortex.o
 .text.__NVIC_SetPriority
                0x00000000080029a8       0x54 Drivers/STM32F4xx_HAL_Driver/Src/stm32f4xx_hal_cortex.o
 .text.NVIC_EncodePriority
                0x00000000080029fc       0x66 Drivers/STM32F4xx_HAL_Driver/Src/stm32f4xx_hal_cortex.o
 *fill*         0x0000000008002a62        0x2 
 .text.SysTick_Config
                0x0000000008002a64       0x44 Drivers/STM32F4xx_HAL_Driver/Src/stm32f4xx_hal_cortex.o
 .text.HAL_NVIC_SetPriorityGrouping
                0x0000000008002aa8       0x16 Drivers/STM32F4xx_HAL_Driver/Src/stm32f4xx_hal_cortex.o
                0x0000000008002aa8                HAL_NVIC_SetPriorityGrouping
 .text.HAL_NVIC_SetPriority
                0x0000000008002abe       0x38 Drivers/STM32F4xx_HAL_Driver/Src/stm32f4xx_hal_cortex.o
                0x0000000008002abe                HAL_NVIC_SetPriority
 .text.HAL_NVIC_EnableIRQ
                0x0000000008002af6       0x1c Drivers/STM32F4xx_HAL_Driver/Src/stm32f4xx_hal_cortex.o
                0x0000000008002af6                HAL_NVIC_EnableIRQ
 .text.HAL_SYSTICK_Config
                0x0000000008002b12       0x18 Drivers/STM32F4xx_HAL_Driver/Src/stm32f4xx_hal_cortex.o
                0x0000000008002b12                HAL_SYSTICK_Config
 *fill*         0x0000000008002b2a        0x2 
 .text.HAL_DMA_Init
                0x0000000008002b2c      0x15c Drivers/STM32F4xx_HAL_Driver/Src/stm32f4xx_hal_dma.o
                0x0000000008002b2c                HAL_DMA_Init
 .text.HAL_DMA_Start_IT
                0x0000000008002c88       0xb0 Drivers/STM32F4xx_HAL_Driver/Src/stm32f4xx_hal_dma.o
                0x0000000008002c88                HAL_DMA_Start_IT
 .text.HAL_DMA_Abort_IT
                0x0000000008002d38       0x44 Drivers/STM32F4xx_HAL_Driver/Src/stm32f4xx_hal_dma.o
                0x0000000008002d38                HAL_DMA_Abort_IT
 .text.HAL_DMA_IRQHandler
                0x0000000008002d7c      0x314 Drivers/STM32F4xx_HAL_Driver/Src/stm32f4xx_hal_dma.o
                0x0000000008002d7c                HAL_DMA_IRQHandler
 .text.DMA_SetConfig
                0x0000000008003090       0x5c Drivers/STM32F4xx_HAL_Driver/Src/stm32f4xx_hal_dma.o
 .text.DMA_CalcBaseAndBitshift
                0x00000000080030ec       0x6c Drivers/STM32F4xx_HAL_Driver/Src/stm32f4xx_hal_dma.o
 .text.DMA_CheckFifoParam
                0x0000000008003158       0xf8 Drivers/STM32F4xx_HAL_Driver/Src/stm32f4xx_hal_dma.o
 .text.HAL_GPIO_Init
                0x0000000008003250      0x308 Drivers/STM32F4xx_HAL_Driver/Src/stm32f4xx_hal_gpio.o
                0x0000000008003250                HAL_GPIO_Init
 .text.HAL_GPIO_WritePin
                0x0000000008003558       0x32 Drivers/STM32F4xx_HAL_Driver/Src/stm32f4xx_hal_gpio.o
                0x0000000008003558                HAL_GPIO_WritePin
 *fill*         0x000000000800358a        0x2 
 .text.HAL_RCC_OscConfig
                0x000000000800358c      0x4f0 Drivers/STM32F4xx_HAL_Driver/Src/stm32f4xx_hal_rcc.o
                0x000000000800358c                HAL_RCC_OscConfig
 .text.HAL_RCC_ClockConfig
                0x0000000008003a7c      0x1cc Drivers/STM32F4xx_HAL_Driver/Src/stm32f4xx_hal_rcc.o
                0x0000000008003a7c                HAL_RCC_ClockConfig
 .text.HAL_RCC_GetSysClockFreq
                0x0000000008003c48      0x16c Drivers/STM32F4xx_HAL_Driver/Src/stm32f4xx_hal_rcc.o
                0x0000000008003c48                HAL_RCC_GetSysClockFreq
 .text.HAL_SPI_Init
                0x0000000008003db4      0x112 Drivers/STM32F4xx_HAL_Driver/Src/stm32f4xx_hal_spi.o
                0x0000000008003db4                HAL_SPI_Init
 .text.HAL_SPI_Transmit
                0x0000000008003ec6      0x278 Drivers/STM32F4xx_HAL_Driver/Src/stm32f4xx_hal_spi.o
                0x0000000008003ec6                HAL_SPI_Transmit
 .text.HAL_SPI_Receive
                0x000000000800413e      0x222 Drivers/STM32F4xx_HAL_Driver/Src/stm32f4xx_hal_spi.o
                0x000000000800413e                HAL_SPI_Receive
 .text.HAL_SPI_TransmitReceive
                0x0000000008004360      0x344 Drivers/STM32F4xx_HAL_Driver/Src/stm32f4xx_hal_spi.o
                0x0000000008004360                HAL_SPI_TransmitReceive
 .text.SPI_WaitFlagStateUntilTimeout
                0x00000000080046a4      0x110 Drivers/STM32F4xx_HAL_Driver/Src/stm32f4xx_hal_spi.o
 .text.SPI_EndRxTransaction
                0x00000000080047b4       0xca Drivers/STM32F4xx_HAL_Driver/Src/stm32f4xx_hal_spi.o
 *fill*         0x000000000800487e        0x2 
 .text.SPI_EndRxTxTransaction
                0x0000000008004880       0x84 Drivers/STM32F4xx_HAL_Driver/Src/stm32f4xx_hal_spi.o
 .text.HAL_TIM_Base_Init
                0x0000000008004904       0x9e Drivers/STM32F4xx_HAL_Driver/Src/stm32f4xx_hal_tim.o
                0x0000000008004904                HAL_TIM_Base_Init
 .text.HAL_TIM_PWM_Init
                0x00000000080049a2       0x9e Drivers/STM32F4xx_HAL_Driver/Src/stm32f4xx_hal_tim.o
                0x00000000080049a2                HAL_TIM_PWM_Init
 .text.HAL_TIM_PWM_MspInit
                0x0000000008004a40       0x14 Drivers/STM32F4xx_HAL_Driver/Src/stm32f4xx_hal_tim.o
                0x0000000008004a40                HAL_TIM_PWM_MspInit
 .text.HAL_TIM_PWM_Start
                0x0000000008004a54      0x160 Drivers/STM32F4xx_HAL_Driver/Src/stm32f4xx_hal_tim.o
                0x0000000008004a54                HAL_TIM_PWM_Start
 .text.HAL_TIM_PWM_Start_DMA
                0x0000000008004bb4      0x360 Drivers/STM32F4xx_HAL_Driver/Src/stm32f4xx_hal_tim.o
                0x0000000008004bb4                HAL_TIM_PWM_Start_DMA
 .text.HAL_TIM_PWM_Stop_DMA
                0x0000000008004f14      0x18c Drivers/STM32F4xx_HAL_Driver/Src/stm32f4xx_hal_tim.o
                0x0000000008004f14                HAL_TIM_PWM_Stop_DMA
 .text.HAL_TIM_PWM_ConfigChannel
                0x00000000080050a0      0x184 Drivers/STM32F4xx_HAL_Driver/Src/stm32f4xx_hal_tim.o
                0x00000000080050a0                HAL_TIM_PWM_ConfigChannel
 .text.HAL_TIM_ConfigClockSource
                0x0000000008005224      0x18e Drivers/STM32F4xx_HAL_Driver/Src/stm32f4xx_hal_tim.o
                0x0000000008005224                HAL_TIM_ConfigClockSource
 .text.HAL_TIM_PWM_PulseFinishedHalfCpltCallback
                0x00000000080053b2       0x14 Drivers/STM32F4xx_HAL_Driver/Src/stm32f4xx_hal_tim.o
                0x00000000080053b2                HAL_TIM_PWM_PulseFinishedHalfCpltCallback
 .text.HAL_TIM_ErrorCallback
                0x00000000080053c6       0x14 Drivers/STM32F4xx_HAL_Driver/Src/stm32f4xx_hal_tim.o
                0x00000000080053c6                HAL_TIM_ErrorCallback
 .text.TIM_DMAError
                0x00000000080053da       0x92 Drivers/STM32F4xx_HAL_Driver/Src/stm32f4xx_hal_tim.o
                0x00000000080053da                TIM_DMAError
 .text.TIM_DMADelayPulseCplt
                0x000000000800546c       0xa8 Drivers/STM32F4xx_HAL_Driver/Src/stm32f4xx_hal_tim.o
 .text.TIM_DMADelayPulseHalfCplt
                0x0000000008005514       0x68 Drivers/STM32F4xx_HAL_Driver/Src/stm32f4xx_hal_tim.o
                0x0000000008005514                TIM_DMADelayPulseHalfCplt
 .text.TIM_Base_SetConfig
                0x000000000800557c      0x100 Drivers/STM32F4xx_HAL_Driver/Src/stm32f4xx_hal_tim.o
                0x000000000800557c                TIM_Base_SetConfig
 .text.TIM_OC1_SetConfig
                0x000000000800567c       0xcc Drivers/STM32F4xx_HAL_Driver/Src/stm32f4xx_hal_tim.o
 .text.TIM_OC2_SetConfig
                0x0000000008005748       0xd8 Drivers/STM32F4xx_HAL_Driver/Src/stm32f4xx_hal_tim.o
                0x0000000008005748                TIM_OC2_SetConfig
 .text.TIM_OC3_SetConfig
                0x0000000008005820       0xd4 Drivers/STM32F4xx_HAL_Driver/Src/stm32f4xx_hal_tim.o
 .text.TIM_OC4_SetConfig
                0x00000000080058f4       0xa0 Drivers/STM32F4xx_HAL_Driver/Src/stm32f4xx_hal_tim.o
 .text.TIM_TI1_ConfigInputStage
                0x0000000008005994       0x5e Drivers/STM32F4xx_HAL_Driver/Src/stm32f4xx_hal_tim.o
 .text.TIM_TI2_ConfigInputStage
                0x00000000080059f2       0x60 Drivers/STM32F4xx_HAL_Driver/Src/stm32f4xx_hal_tim.o
 .text.TIM_ITRx_SetConfig
                0x0000000008005a52       0x36 Drivers/STM32F4xx_HAL_Driver/Src/stm32f4xx_hal_tim.o
 .text.TIM_ETR_SetConfig
                0x0000000008005a88       0x40 Drivers/STM32F4xx_HAL_Driver/Src/stm32f4xx_hal_tim.o
                0x0000000008005a88                TIM_ETR_SetConfig
 .text.TIM_CCxChannelCmd
                0x0000000008005ac8       0x4a Drivers/STM32F4xx_HAL_Driver/Src/stm32f4xx_hal_tim.o
                0x0000000008005ac8                TIM_CCxChannelCmd
 *fill*         0x0000000008005b12        0x2 
 .text.HAL_TIMEx_MasterConfigSynchronization
                0x0000000008005b14       0xdc Drivers/STM32F4xx_HAL_Driver/Src/stm32f4xx_hal_tim_ex.o
                0x0000000008005b14                HAL_TIMEx_MasterConfigSynchronization
 .text.HAL_TIMEx_ConfigBreakDeadTime
                0x0000000008005bf0       0xa4 Drivers/STM32F4xx_HAL_Driver/Src/stm32f4xx_hal_tim_ex.o
                0x0000000008005bf0                HAL_TIMEx_ConfigBreakDeadTime
 .text.__libc_init_array
                0x0000000008005c94       0x48 c:/st/stm32cubeide_1.6.1/stm32cubeide/plugins/com.st.stm32cube.ide.mcu.externaltools.gnu-tools-for-stm32.9-2020-q2-update.win32_1.5.0.202011040924/tools/bin/../lib/gcc/arm-none-eabi/9.3.1/../../../../arm-none-eabi/lib/thumb/v7e-m+fp/hard\libc_nano.a(lib_a-init.o)
                0x0000000008005c94                __libc_init_array
 .text.memset   0x0000000008005cdc       0x10 c:/st/stm32cubeide_1.6.1/stm32cubeide/plugins/com.st.stm32cube.ide.mcu.externaltools.gnu-tools-for-stm32.9-2020-q2-update.win32_1.5.0.202011040924/tools/bin/../lib/gcc/arm-none-eabi/9.3.1/../../../../arm-none-eabi/lib/thumb/v7e-m+fp/hard\libc_nano.a(lib_a-memset.o)
                0x0000000008005cdc                memset
 *(.glue_7)
 .glue_7        0x0000000008005cec        0x0 linker stubs
 *(.glue_7t)
 .glue_7t       0x0000000008005cec        0x0 linker stubs
 *(.eh_frame)
 .eh_frame      0x0000000008005cec        0x0 c:/st/stm32cubeide_1.6.1/stm32cubeide/plugins/com.st.stm32cube.ide.mcu.externaltools.gnu-tools-for-stm32.9-2020-q2-update.win32_1.5.0.202011040924/tools/bin/../lib/gcc/arm-none-eabi/9.3.1/thumb/v7e-m+fp/hard/crtbegin.o
 *(.init)
 .init          0x0000000008005cec        0x4 c:/st/stm32cubeide_1.6.1/stm32cubeide/plugins/com.st.stm32cube.ide.mcu.externaltools.gnu-tools-for-stm32.9-2020-q2-update.win32_1.5.0.202011040924/tools/bin/../lib/gcc/arm-none-eabi/9.3.1/thumb/v7e-m+fp/hard/crti.o
                0x0000000008005cec                _init
 .init          0x0000000008005cf0        0x8 c:/st/stm32cubeide_1.6.1/stm32cubeide/plugins/com.st.stm32cube.ide.mcu.externaltools.gnu-tools-for-stm32.9-2020-q2-update.win32_1.5.0.202011040924/tools/bin/../lib/gcc/arm-none-eabi/9.3.1/thumb/v7e-m+fp/hard/crtn.o
 *(.fini)
 .fini          0x0000000008005cf8        0x4 c:/st/stm32cubeide_1.6.1/stm32cubeide/plugins/com.st.stm32cube.ide.mcu.externaltools.gnu-tools-for-stm32.9-2020-q2-update.win32_1.5.0.202011040924/tools/bin/../lib/gcc/arm-none-eabi/9.3.1/thumb/v7e-m+fp/hard/crti.o
                0x0000000008005cf8                _fini
 .fini          0x0000000008005cfc        0x8 c:/st/stm32cubeide_1.6.1/stm32cubeide/plugins/com.st.stm32cube.ide.mcu.externaltools.gnu-tools-for-stm32.9-2020-q2-update.win32_1.5.0.202011040924/tools/bin/../lib/gcc/arm-none-eabi/9.3.1/thumb/v7e-m+fp/hard/crtn.o
                0x0000000008005d04                . = ALIGN (0x4)
                0x0000000008005d04                _etext = .

.vfp11_veneer   0x0000000008005d04        0x0
 .vfp11_veneer  0x0000000008005d04        0x0 linker stubs

.v4_bx          0x0000000008005d04        0x0
 .v4_bx         0x0000000008005d04        0x0 linker stubs

.iplt           0x0000000008005d04        0x0
 .iplt          0x0000000008005d04        0x0 c:/st/stm32cubeide_1.6.1/stm32cubeide/plugins/com.st.stm32cube.ide.mcu.externaltools.gnu-tools-for-stm32.9-2020-q2-update.win32_1.5.0.202011040924/tools/bin/../lib/gcc/arm-none-eabi/9.3.1/thumb/v7e-m+fp/hard/crtbegin.o

.rodata         0x0000000008005d04       0x30
                0x0000000008005d04                . = ALIGN (0x4)
 *(.rodata)
 .rodata        0x0000000008005d04       0x15 Core/Src/NRF24L01.o
 *(.rodata*)
 *fill*         0x0000000008005d19        0x3 
 .rodata.AHBPrescTable
                0x0000000008005d1c       0x10 Core/Src/system_stm32f4xx.o
                0x0000000008005d1c                AHBPrescTable
 .rodata.flagBitshiftOffset.8108
                0x0000000008005d2c        0x8 Drivers/STM32F4xx_HAL_Driver/Src/stm32f4xx_hal_dma.o
                0x0000000008005d34                . = ALIGN (0x4)

.ARM.extab      0x0000000008005d34        0x0
                0x0000000008005d34                . = ALIGN (0x4)
 *(.ARM.extab* .gnu.linkonce.armextab.*)
                0x0000000008005d34                . = ALIGN (0x4)

.ARM            0x0000000008005d34        0x8
                0x0000000008005d34                . = ALIGN (0x4)
                0x0000000008005d34                __exidx_start = .
 *(.ARM.exidx*)
 .ARM.exidx     0x0000000008005d34        0x8 c:/st/stm32cubeide_1.6.1/stm32cubeide/plugins/com.st.stm32cube.ide.mcu.externaltools.gnu-tools-for-stm32.9-2020-q2-update.win32_1.5.0.202011040924/tools/bin/../lib/gcc/arm-none-eabi/9.3.1/thumb/v7e-m+fp/hard\libgcc.a(_udivmoddi4.o)
                0x0000000008005d3c                __exidx_end = .
                0x0000000008005d3c                . = ALIGN (0x4)

.rel.dyn        0x0000000008005d3c        0x0
 .rel.iplt      0x0000000008005d3c        0x0 c:/st/stm32cubeide_1.6.1/stm32cubeide/plugins/com.st.stm32cube.ide.mcu.externaltools.gnu-tools-for-stm32.9-2020-q2-update.win32_1.5.0.202011040924/tools/bin/../lib/gcc/arm-none-eabi/9.3.1/thumb/v7e-m+fp/hard/crtbegin.o

.preinit_array  0x0000000008005d3c        0x0
                0x0000000008005d3c                . = ALIGN (0x4)
                0x0000000008005d3c                PROVIDE (__preinit_array_start = .)
 *(.preinit_array*)
                0x0000000008005d3c                PROVIDE (__preinit_array_end = .)
                0x0000000008005d3c                . = ALIGN (0x4)

.init_array     0x0000000008005d3c        0x4
                0x0000000008005d3c                . = ALIGN (0x4)
                0x0000000008005d3c                PROVIDE (__init_array_start = .)
 *(SORT_BY_NAME(.init_array.*))
 *(.init_array*)
 .init_array    0x0000000008005d3c        0x4 c:/st/stm32cubeide_1.6.1/stm32cubeide/plugins/com.st.stm32cube.ide.mcu.externaltools.gnu-tools-for-stm32.9-2020-q2-update.win32_1.5.0.202011040924/tools/bin/../lib/gcc/arm-none-eabi/9.3.1/thumb/v7e-m+fp/hard/crtbegin.o
                0x0000000008005d40                PROVIDE (__init_array_end = .)
                0x0000000008005d40                . = ALIGN (0x4)

.fini_array     0x0000000008005d40        0x4
                0x0000000008005d40                . = ALIGN (0x4)
                [!provide]                        PROVIDE (__fini_array_start = .)
 *(SORT_BY_NAME(.fini_array.*))
 *(.fini_array*)
 .fini_array    0x0000000008005d40        0x4 c:/st/stm32cubeide_1.6.1/stm32cubeide/plugins/com.st.stm32cube.ide.mcu.externaltools.gnu-tools-for-stm32.9-2020-q2-update.win32_1.5.0.202011040924/tools/bin/../lib/gcc/arm-none-eabi/9.3.1/thumb/v7e-m+fp/hard/crtbegin.o
                [!provide]                        PROVIDE (__fini_array_end = .)
                0x0000000008005d44                . = ALIGN (0x4)
                0x0000000008005d44                _sidata = LOADADDR (.data)

.data           0x0000000020000000       0x1c load address 0x0000000008005d44
                0x0000000020000000                . = ALIGN (0x4)
                0x0000000020000000                _sdata = .
 *(.data)
 *(.data*)
 .data.Rxaddr   0x0000000020000000        0x5 Core/Src/main.o
                0x0000000020000000                Rxaddr
 *fill*         0x0000000020000005        0x3 
 .data.RGB_Red  0x0000000020000008        0x4 Core/Src/main.o
                0x0000000020000008                RGB_Red
 .data.RGB_Brightness
                0x000000002000000c        0x4 Core/Src/main.o
                0x000000002000000c                RGB_Brightness
 .data.SystemCoreClock
                0x0000000020000010        0x4 Core/Src/system_stm32f4xx.o
                0x0000000020000010                SystemCoreClock
 .data.uwTickPrio
                0x0000000020000014        0x4 Drivers/STM32F4xx_HAL_Driver/Src/stm32f4xx_hal.o
                0x0000000020000014                uwTickPrio
 .data.uwTickFreq
                0x0000000020000018        0x1 Drivers/STM32F4xx_HAL_Driver/Src/stm32f4xx_hal.o
                0x0000000020000018                uwTickFreq
 *(.RamFunc)
 *(.RamFunc*)
                0x000000002000001c                . = ALIGN (0x4)
 *fill*         0x0000000020000019        0x3 
                0x000000002000001c                _edata = .

.igot.plt       0x000000002000001c        0x0 load address 0x0000000008005d60
 .igot.plt      0x000000002000001c        0x0 c:/st/stm32cubeide_1.6.1/stm32cubeide/plugins/com.st.stm32cube.ide.mcu.externaltools.gnu-tools-for-stm32.9-2020-q2-update.win32_1.5.0.202011040924/tools/bin/../lib/gcc/arm-none-eabi/9.3.1/thumb/v7e-m+fp/hard/crtbegin.o
                0x000000002000001c                . = ALIGN (0x4)

.bss            0x000000002000001c      0x894 load address 0x0000000008005d60
                0x000000002000001c                _sbss = .
                0x000000002000001c                __bss_start__ = _sbss
 *(.bss)
 .bss           0x000000002000001c       0x1c c:/st/stm32cubeide_1.6.1/stm32cubeide/plugins/com.st.stm32cube.ide.mcu.externaltools.gnu-tools-for-stm32.9-2020-q2-update.win32_1.5.0.202011040924/tools/bin/../lib/gcc/arm-none-eabi/9.3.1/thumb/v7e-m+fp/hard/crtbegin.o
 *(.bss*)
 .bss.lastTime  0x0000000020000038        0x4 Core/Src/main.o
                0x0000000020000038                lastTime
 .bss.last_time
                0x000000002000003c        0x4 Core/Src/main.o
                0x000000002000003c                last_time
 .bss.datasentflag
                0x0000000020000040        0x4 Core/Src/main.o
                0x0000000020000040                datasentflag
 .bss.RGB_Blue  0x0000000020000044        0x4 Core/Src/main.o
                0x0000000020000044                RGB_Blue
 .bss.RGB_Green
                0x0000000020000048        0x4 Core/Src/main.o
                0x0000000020000048                RGB_Green
 .bss.RGB_state
                0x000000002000004c        0x4 Core/Src/main.o
                0x000000002000004c                RGB_state
 *(COMMON)
 COMMON         0x0000000020000050      0x6cc Core/Src/main.o
                0x0000000020000050                Omega
                0x0000000020000054                LED_Data
                0x000000002000011c                LED_Mod
                0x00000000200001e4                W3
                0x00000000200001e8                z
                0x00000000200001ec                pwmData
                0x0000000020000700                W1
                0x0000000020000704                W4
                0x0000000020000708                Vx
                0x000000002000070c                W2
                0x0000000020000710                RxData
                0x0000000020000718                Vy
 COMMON         0x000000002000071c       0x58 Core/Src/spi.o
                0x000000002000071c                hspi1
 COMMON         0x0000000020000774      0x138 Core/Src/tim.o
                0x0000000020000774                hdma_tim1_ch1
                0x00000000200007d4                htim3
                0x000000002000081c                htim1
                0x0000000020000864                htim2
 COMMON         0x00000000200008ac        0x4 Drivers/STM32F4xx_HAL_Driver/Src/stm32f4xx_hal.o
                0x00000000200008ac                uwTick
                0x00000000200008b0                . = ALIGN (0x4)
                0x00000000200008b0                _ebss = .
                0x00000000200008b0                __bss_end__ = _ebss

._user_heap_stack
                0x00000000200008b0      0x600 load address 0x0000000008005d60
                0x00000000200008b0                . = ALIGN (0x8)
                [!provide]                        PROVIDE (end = .)
                0x00000000200008b0                PROVIDE (_end = .)
                0x0000000020000ab0                . = (. + _Min_Heap_Size)
 *fill*         0x00000000200008b0      0x200 
                0x0000000020000eb0                . = (. + _Min_Stack_Size)
 *fill*         0x0000000020000ab0      0x400 
                0x0000000020000eb0                . = ALIGN (0x8)

/DISCARD/
 libc.a(*)
 libm.a(*)
 libgcc.a(*)

.ARM.attributes
                0x0000000000000000       0x30
 *(.ARM.attributes)
 .ARM.attributes
                0x0000000000000000       0x1e c:/st/stm32cubeide_1.6.1/stm32cubeide/plugins/com.st.stm32cube.ide.mcu.externaltools.gnu-tools-for-stm32.9-2020-q2-update.win32_1.5.0.202011040924/tools/bin/../lib/gcc/arm-none-eabi/9.3.1/thumb/v7e-m+fp/hard/crti.o
 .ARM.attributes
                0x000000000000001e       0x34 c:/st/stm32cubeide_1.6.1/stm32cubeide/plugins/com.st.stm32cube.ide.mcu.externaltools.gnu-tools-for-stm32.9-2020-q2-update.win32_1.5.0.202011040924/tools/bin/../lib/gcc/arm-none-eabi/9.3.1/thumb/v7e-m+fp/hard/crtbegin.o
 .ARM.attributes
                0x0000000000000052       0x34 Core/Src/NRF24L01.o
 .ARM.attributes
                0x0000000000000086       0x34 Core/Src/dma.o
 .ARM.attributes
                0x00000000000000ba       0x34 Core/Src/gpio.o
 .ARM.attributes
                0x00000000000000ee       0x34 Core/Src/main.o
 .ARM.attributes
                0x0000000000000122       0x34 Core/Src/spi.o
 .ARM.attributes
                0x0000000000000156       0x34 Core/Src/stm32f4xx_hal_msp.o
 .ARM.attributes
                0x000000000000018a       0x34 Core/Src/stm32f4xx_it.o
 .ARM.attributes
                0x00000000000001be       0x34 Core/Src/system_stm32f4xx.o
 .ARM.attributes
                0x00000000000001f2       0x34 Core/Src/tim.o
 .ARM.attributes
                0x0000000000000226       0x21 Core/Startup/startup_stm32f401ccux.o
 .ARM.attributes
                0x0000000000000247       0x34 Drivers/STM32F4xx_HAL_Driver/Src/stm32f4xx_hal.o
 .ARM.attributes
                0x000000000000027b       0x34 Drivers/STM32F4xx_HAL_Driver/Src/stm32f4xx_hal_cortex.o
 .ARM.attributes
                0x00000000000002af       0x34 Drivers/STM32F4xx_HAL_Driver/Src/stm32f4xx_hal_dma.o
 .ARM.attributes
                0x00000000000002e3       0x34 Drivers/STM32F4xx_HAL_Driver/Src/stm32f4xx_hal_gpio.o
 .ARM.attributes
                0x0000000000000317       0x34 Drivers/STM32F4xx_HAL_Driver/Src/stm32f4xx_hal_rcc.o
 .ARM.attributes
                0x000000000000034b       0x34 Drivers/STM32F4xx_HAL_Driver/Src/stm32f4xx_hal_spi.o
 .ARM.attributes
                0x000000000000037f       0x34 Drivers/STM32F4xx_HAL_Driver/Src/stm32f4xx_hal_tim.o
 .ARM.attributes
                0x00000000000003b3       0x34 Drivers/STM32F4xx_HAL_Driver/Src/stm32f4xx_hal_tim_ex.o
 .ARM.attributes
                0x00000000000003e7       0x34 c:/st/stm32cubeide_1.6.1/stm32cubeide/plugins/com.st.stm32cube.ide.mcu.externaltools.gnu-tools-for-stm32.9-2020-q2-update.win32_1.5.0.202011040924/tools/bin/../lib/gcc/arm-none-eabi/9.3.1/../../../../arm-none-eabi/lib/thumb/v7e-m+fp/hard\libc_nano.a(lib_a-init.o)
 .ARM.attributes
                0x000000000000041b       0x34 c:/st/stm32cubeide_1.6.1/stm32cubeide/plugins/com.st.stm32cube.ide.mcu.externaltools.gnu-tools-for-stm32.9-2020-q2-update.win32_1.5.0.202011040924/tools/bin/../lib/gcc/arm-none-eabi/9.3.1/../../../../arm-none-eabi/lib/thumb/v7e-m+fp/hard\libc_nano.a(lib_a-memset.o)
 .ARM.attributes
                0x000000000000044f       0x1e c:/st/stm32cubeide_1.6.1/stm32cubeide/plugins/com.st.stm32cube.ide.mcu.externaltools.gnu-tools-for-stm32.9-2020-q2-update.win32_1.5.0.202011040924/tools/bin/../lib/gcc/arm-none-eabi/9.3.1/thumb/v7e-m+fp/hard\libgcc.a(_arm_addsubdf3.o)
 .ARM.attributes
                0x000000000000046d       0x1e c:/st/stm32cubeide_1.6.1/stm32cubeide/plugins/com.st.stm32cube.ide.mcu.externaltools.gnu-tools-for-stm32.9-2020-q2-update.win32_1.5.0.202011040924/tools/bin/../lib/gcc/arm-none-eabi/9.3.1/thumb/v7e-m+fp/hard\libgcc.a(_arm_muldivdf3.o)
 .ARM.attributes
                0x000000000000048b       0x1e c:/st/stm32cubeide_1.6.1/stm32cubeide/plugins/com.st.stm32cube.ide.mcu.externaltools.gnu-tools-for-stm32.9-2020-q2-update.win32_1.5.0.202011040924/tools/bin/../lib/gcc/arm-none-eabi/9.3.1/thumb/v7e-m+fp/hard\libgcc.a(_arm_truncdfsf2.o)
 .ARM.attributes
                0x00000000000004a9       0x1e c:/st/stm32cubeide_1.6.1/stm32cubeide/plugins/com.st.stm32cube.ide.mcu.externaltools.gnu-tools-for-stm32.9-2020-q2-update.win32_1.5.0.202011040924/tools/bin/../lib/gcc/arm-none-eabi/9.3.1/thumb/v7e-m+fp/hard\libgcc.a(_aeabi_uldivmod.o)
 .ARM.attributes
                0x00000000000004c7       0x34 c:/st/stm32cubeide_1.6.1/stm32cubeide/plugins/com.st.stm32cube.ide.mcu.externaltools.gnu-tools-for-stm32.9-2020-q2-update.win32_1.5.0.202011040924/tools/bin/../lib/gcc/arm-none-eabi/9.3.1/thumb/v7e-m+fp/hard\libgcc.a(_udivmoddi4.o)
 .ARM.attributes
                0x00000000000004fb       0x1e c:/st/stm32cubeide_1.6.1/stm32cubeide/plugins/com.st.stm32cube.ide.mcu.externaltools.gnu-tools-for-stm32.9-2020-q2-update.win32_1.5.0.202011040924/tools/bin/../lib/gcc/arm-none-eabi/9.3.1/thumb/v7e-m+fp/hard\libgcc.a(_dvmd_tls.o)
 .ARM.attributes
                0x0000000000000519       0x1e c:/st/stm32cubeide_1.6.1/stm32cubeide/plugins/com.st.stm32cube.ide.mcu.externaltools.gnu-tools-for-stm32.9-2020-q2-update.win32_1.5.0.202011040924/tools/bin/../lib/gcc/arm-none-eabi/9.3.1/thumb/v7e-m+fp/hard/crtn.o
OUTPUT(F401_Mecanum_Robot.elf elf32-littlearm)
LOAD linker stubs
LOAD c:/st/stm32cubeide_1.6.1/stm32cubeide/plugins/com.st.stm32cube.ide.mcu.externaltools.gnu-tools-for-stm32.9-2020-q2-update.win32_1.5.0.202011040924/tools/bin/../lib/gcc/arm-none-eabi/9.3.1/../../../../arm-none-eabi/lib/thumb/v7e-m+fp/hard\libc.a
LOAD c:/st/stm32cubeide_1.6.1/stm32cubeide/plugins/com.st.stm32cube.ide.mcu.externaltools.gnu-tools-for-stm32.9-2020-q2-update.win32_1.5.0.202011040924/tools/bin/../lib/gcc/arm-none-eabi/9.3.1/../../../../arm-none-eabi/lib/thumb/v7e-m+fp/hard\libm.a
LOAD c:/st/stm32cubeide_1.6.1/stm32cubeide/plugins/com.st.stm32cube.ide.mcu.externaltools.gnu-tools-for-stm32.9-2020-q2-update.win32_1.5.0.202011040924/tools/bin/../lib/gcc/arm-none-eabi/9.3.1/thumb/v7e-m+fp/hard\libgcc.a

.debug_info     0x0000000000000000     0xe57b
 .debug_info    0x0000000000000000      0xb7e Core/Src/NRF24L01.o
 .debug_info    0x0000000000000b7e      0x532 Core/Src/dma.o
 .debug_info    0x00000000000010b0      0x521 Core/Src/gpio.o
 .debug_info    0x00000000000015d1     0x1b68 Core/Src/main.o
 .debug_info    0x0000000000003139      0xa7e Core/Src/spi.o
 .debug_info    0x0000000000003bb7      0x3c0 Core/Src/stm32f4xx_hal_msp.o
 .debug_info    0x0000000000003f77      0x4af Core/Src/stm32f4xx_it.o
 .debug_info    0x0000000000004426      0x5d0 Core/Src/system_stm32f4xx.o
 .debug_info    0x00000000000049f6      0xe71 Core/Src/tim.o
 .debug_info    0x0000000000005867       0x22 Core/Startup/startup_stm32f401ccux.o
 .debug_info    0x0000000000005889      0x93d Drivers/STM32F4xx_HAL_Driver/Src/stm32f4xx_hal.o
 .debug_info    0x00000000000061c6      0xe41 Drivers/STM32F4xx_HAL_Driver/Src/stm32f4xx_hal_cortex.o
 .debug_info    0x0000000000007007      0x9e9 Drivers/STM32F4xx_HAL_Driver/Src/stm32f4xx_hal_dma.o
 .debug_info    0x00000000000079f0      0x862 Drivers/STM32F4xx_HAL_Driver/Src/stm32f4xx_hal_gpio.o
 .debug_info    0x0000000000008252      0x9bd Drivers/STM32F4xx_HAL_Driver/Src/stm32f4xx_hal_rcc.o
 .debug_info    0x0000000000008c0f     0x17b8 Drivers/STM32F4xx_HAL_Driver/Src/stm32f4xx_hal_spi.o
 .debug_info    0x000000000000a3c7     0x2c1a Drivers/STM32F4xx_HAL_Driver/Src/stm32f4xx_hal_tim.o
 .debug_info    0x000000000000cfe1     0x159a Drivers/STM32F4xx_HAL_Driver/Src/stm32f4xx_hal_tim_ex.o

.debug_abbrev   0x0000000000000000     0x2318
 .debug_abbrev  0x0000000000000000      0x28b Core/Src/NRF24L01.o
 .debug_abbrev  0x000000000000028b      0x11b Core/Src/dma.o
 .debug_abbrev  0x00000000000003a6      0x14e Core/Src/gpio.o
 .debug_abbrev  0x00000000000004f4      0x375 Core/Src/main.o
 .debug_abbrev  0x0000000000000869      0x1bb Core/Src/spi.o
 .debug_abbrev  0x0000000000000a24      0x11d Core/Src/stm32f4xx_hal_msp.o
 .debug_abbrev  0x0000000000000b41      0x134 Core/Src/stm32f4xx_it.o
 .debug_abbrev  0x0000000000000c75      0x145 Core/Src/system_stm32f4xx.o
 .debug_abbrev  0x0000000000000dba      0x21f Core/Src/tim.o
 .debug_abbrev  0x0000000000000fd9       0x12 Core/Startup/startup_stm32f401ccux.o
 .debug_abbrev  0x0000000000000feb      0x21e Drivers/STM32F4xx_HAL_Driver/Src/stm32f4xx_hal.o
 .debug_abbrev  0x0000000000001209      0x33c Drivers/STM32F4xx_HAL_Driver/Src/stm32f4xx_hal_cortex.o
 .debug_abbrev  0x0000000000001545      0x219 Drivers/STM32F4xx_HAL_Driver/Src/stm32f4xx_hal_dma.o
 .debug_abbrev  0x000000000000175e      0x1f1 Drivers/STM32F4xx_HAL_Driver/Src/stm32f4xx_hal_gpio.o
 .debug_abbrev  0x000000000000194f      0x275 Drivers/STM32F4xx_HAL_Driver/Src/stm32f4xx_hal_rcc.o
 .debug_abbrev  0x0000000000001bc4      0x26e Drivers/STM32F4xx_HAL_Driver/Src/stm32f4xx_hal_spi.o
 .debug_abbrev  0x0000000000001e32      0x26f Drivers/STM32F4xx_HAL_Driver/Src/stm32f4xx_hal_tim.o
 .debug_abbrev  0x00000000000020a1      0x277 Drivers/STM32F4xx_HAL_Driver/Src/stm32f4xx_hal_tim_ex.o

.debug_aranges  0x0000000000000000      0xd10
 .debug_aranges
                0x0000000000000000       0x90 Core/Src/NRF24L01.o
 .debug_aranges
                0x0000000000000090       0x20 Core/Src/dma.o
 .debug_aranges
                0x00000000000000b0       0x20 Core/Src/gpio.o
 .debug_aranges
                0x00000000000000d0       0x70 Core/Src/main.o
 .debug_aranges
                0x0000000000000140       0x30 Core/Src/spi.o
 .debug_aranges
                0x0000000000000170       0x20 Core/Src/stm32f4xx_hal_msp.o
 .debug_aranges
                0x0000000000000190       0x68 Core/Src/stm32f4xx_it.o
 .debug_aranges
                0x00000000000001f8       0x28 Core/Src/system_stm32f4xx.o
 .debug_aranges
                0x0000000000000220       0x48 Core/Src/tim.o
 .debug_aranges
                0x0000000000000268       0x28 Core/Startup/startup_stm32f401ccux.o
 .debug_aranges
                0x0000000000000290       0xf0 Drivers/STM32F4xx_HAL_Driver/Src/stm32f4xx_hal.o
 .debug_aranges
                0x0000000000000380      0x118 Drivers/STM32F4xx_HAL_Driver/Src/stm32f4xx_hal_cortex.o
 .debug_aranges
                0x0000000000000498       0x90 Drivers/STM32F4xx_HAL_Driver/Src/stm32f4xx_hal_dma.o
 .debug_aranges
                0x0000000000000528       0x58 Drivers/STM32F4xx_HAL_Driver/Src/stm32f4xx_hal_gpio.o
 .debug_aranges
                0x0000000000000580       0x88 Drivers/STM32F4xx_HAL_Driver/Src/stm32f4xx_hal_rcc.o
 .debug_aranges
                0x0000000000000608      0x1d0 Drivers/STM32F4xx_HAL_Driver/Src/stm32f4xx_hal_spi.o
 .debug_aranges
                0x00000000000007d8      0x3d0 Drivers/STM32F4xx_HAL_Driver/Src/stm32f4xx_hal_tim.o
 .debug_aranges
                0x0000000000000ba8      0x168 Drivers/STM32F4xx_HAL_Driver/Src/stm32f4xx_hal_tim_ex.o

.debug_ranges   0x0000000000000000      0xbf8
 .debug_ranges  0x0000000000000000       0x80 Core/Src/NRF24L01.o
 .debug_ranges  0x0000000000000080       0x10 Core/Src/dma.o
 .debug_ranges  0x0000000000000090       0x10 Core/Src/gpio.o
 .debug_ranges  0x00000000000000a0       0x60 Core/Src/main.o
 .debug_ranges  0x0000000000000100       0x20 Core/Src/spi.o
 .debug_ranges  0x0000000000000120       0x10 Core/Src/stm32f4xx_hal_msp.o
 .debug_ranges  0x0000000000000130       0x58 Core/Src/stm32f4xx_it.o
 .debug_ranges  0x0000000000000188       0x18 Core/Src/system_stm32f4xx.o
 .debug_ranges  0x00000000000001a0       0x38 Core/Src/tim.o
 .debug_ranges  0x00000000000001d8       0x20 Core/Startup/startup_stm32f401ccux.o
 .debug_ranges  0x00000000000001f8       0xe0 Drivers/STM32F4xx_HAL_Driver/Src/stm32f4xx_hal.o
 .debug_ranges  0x00000000000002d8      0x108 Drivers/STM32F4xx_HAL_Driver/Src/stm32f4xx_hal_cortex.o
 .debug_ranges  0x00000000000003e0       0x80 Drivers/STM32F4xx_HAL_Driver/Src/stm32f4xx_hal_dma.o
 .debug_ranges  0x0000000000000460       0x48 Drivers/STM32F4xx_HAL_Driver/Src/stm32f4xx_hal_gpio.o
 .debug_ranges  0x00000000000004a8       0x78 Drivers/STM32F4xx_HAL_Driver/Src/stm32f4xx_hal_rcc.o
 .debug_ranges  0x0000000000000520      0x1c0 Drivers/STM32F4xx_HAL_Driver/Src/stm32f4xx_hal_spi.o
 .debug_ranges  0x00000000000006e0      0x3c0 Drivers/STM32F4xx_HAL_Driver/Src/stm32f4xx_hal_tim.o
 .debug_ranges  0x0000000000000aa0      0x158 Drivers/STM32F4xx_HAL_Driver/Src/stm32f4xx_hal_tim_ex.o

.debug_macro    0x0000000000000000    0x16a45
 .debug_macro   0x0000000000000000      0x213 Core/Src/NRF24L01.o
 .debug_macro   0x0000000000000213      0xaa8 Core/Src/NRF24L01.o
 .debug_macro   0x0000000000000cbb      0x29b Core/Src/NRF24L01.o
 .debug_macro   0x0000000000000f56       0x2e Core/Src/NRF24L01.o
 .debug_macro   0x0000000000000f84       0x28 Core/Src/NRF24L01.o
 .debug_macro   0x0000000000000fac       0x22 Core/Src/NRF24L01.o
 .debug_macro   0x0000000000000fce       0x8e Core/Src/NRF24L01.o
 .debug_macro   0x000000000000105c       0x51 Core/Src/NRF24L01.o
 .debug_macro   0x00000000000010ad      0x103 Core/Src/NRF24L01.o
 .debug_macro   0x00000000000011b0       0x6a Core/Src/NRF24L01.o
 .debug_macro   0x000000000000121a      0x1df Core/Src/NRF24L01.o
 .debug_macro   0x00000000000013f9       0x1c Core/Src/NRF24L01.o
 .debug_macro   0x0000000000001415       0x22 Core/Src/NRF24L01.o
 .debug_macro   0x0000000000001437       0xdf Core/Src/NRF24L01.o
 .debug_macro   0x0000000000001516     0x102d Core/Src/NRF24L01.o
 .debug_macro   0x0000000000002543      0x11f Core/Src/NRF24L01.o
 .debug_macro   0x0000000000002662     0xb86c Core/Src/NRF24L01.o
 .debug_macro   0x000000000000dece       0x6d Core/Src/NRF24L01.o
 .debug_macro   0x000000000000df3b     0x3666 Core/Src/NRF24L01.o
 .debug_macro   0x00000000000115a1      0x174 Core/Src/NRF24L01.o
 .debug_macro   0x0000000000011715       0x5c Core/Src/NRF24L01.o
 .debug_macro   0x0000000000011771      0x416 Core/Src/NRF24L01.o
 .debug_macro   0x0000000000011b87      0x9fe Core/Src/NRF24L01.o
 .debug_macro   0x0000000000012585      0x116 Core/Src/NRF24L01.o
 .debug_macro   0x000000000001269b       0xf8 Core/Src/NRF24L01.o
 .debug_macro   0x0000000000012793       0xa5 Core/Src/NRF24L01.o
 .debug_macro   0x0000000000012838      0x15f Core/Src/NRF24L01.o
 .debug_macro   0x0000000000012997      0x287 Core/Src/NRF24L01.o
 .debug_macro   0x0000000000012c1e       0x5f Core/Src/NRF24L01.o
 .debug_macro   0x0000000000012c7d      0x236 Core/Src/NRF24L01.o
 .debug_macro   0x0000000000012eb3      0x132 Core/Src/NRF24L01.o
 .debug_macro   0x0000000000012fe5      0x23a Core/Src/NRF24L01.o
 .debug_macro   0x000000000001321f       0x2e Core/Src/NRF24L01.o
 .debug_macro   0x000000000001324d      0x11a Core/Src/NRF24L01.o
 .debug_macro   0x0000000000013367       0x85 Core/Src/NRF24L01.o
 .debug_macro   0x00000000000133ec       0x89 Core/Src/NRF24L01.o
 .debug_macro   0x0000000000013475      0x225 Core/Src/NRF24L01.o
 .debug_macro   0x000000000001369a      0x8d1 Core/Src/NRF24L01.o
 .debug_macro   0x0000000000013f6b       0x47 Core/Src/NRF24L01.o
 .debug_macro   0x0000000000013fb2      0x126 Core/Src/NRF24L01.o
 .debug_macro   0x00000000000140d8       0xe8 Core/Src/NRF24L01.o
 .debug_macro   0x00000000000141c0      0x1e7 Core/Src/dma.o
 .debug_macro   0x00000000000143a7       0x28 Core/Src/dma.o
 .debug_macro   0x00000000000143cf      0x1e7 Core/Src/gpio.o
 .debug_macro   0x00000000000145b6      0x2cf Core/Src/main.o
 .debug_macro   0x0000000000014885       0xee Core/Src/main.o
 .debug_macro   0x0000000000014973       0x52 Core/Src/main.o
 .debug_macro   0x00000000000149c5       0x18 Core/Src/main.o
 .debug_macro   0x00000000000149dd       0x3c Core/Src/main.o
 .debug_macro   0x0000000000014a19       0x34 Core/Src/main.o
 .debug_macro   0x0000000000014a4d       0x16 Core/Src/main.o
 .debug_macro   0x0000000000014a63       0x43 Core/Src/main.o
 .debug_macro   0x0000000000014aa6       0x34 Core/Src/main.o
 .debug_macro   0x0000000000014ada       0x10 Core/Src/main.o
 .debug_macro   0x0000000000014aea       0x58 Core/Src/main.o
 .debug_macro   0x0000000000014b42       0x71 Core/Src/main.o
 .debug_macro   0x0000000000014bb3       0x1c Core/Src/main.o
 .debug_macro   0x0000000000014bcf      0x12a Core/Src/main.o
 .debug_macro   0x0000000000014cf9      0x333 Core/Src/main.o
 .debug_macro   0x000000000001502c      0x1a9 Core/Src/main.o
 .debug_macro   0x00000000000151d5      0x1e7 Core/Src/spi.o
 .debug_macro   0x00000000000153bc      0x1dd Core/Src/stm32f4xx_hal_msp.o
 .debug_macro   0x0000000000015599      0x1e7 Core/Src/stm32f4xx_it.o
 .debug_macro   0x0000000000015780      0x1ce Core/Src/system_stm32f4xx.o
 .debug_macro   0x000000000001594e      0x1e7 Core/Src/tim.o
 .debug_macro   0x0000000000015b35      0x22e Drivers/STM32F4xx_HAL_Driver/Src/stm32f4xx_hal.o
 .debug_macro   0x0000000000015d63      0x1ce Drivers/STM32F4xx_HAL_Driver/Src/stm32f4xx_hal_cortex.o
 .debug_macro   0x0000000000015f31      0x1d4 Drivers/STM32F4xx_HAL_Driver/Src/stm32f4xx_hal_dma.o
 .debug_macro   0x0000000000016105      0x1d4 Drivers/STM32F4xx_HAL_Driver/Src/stm32f4xx_hal_gpio.o
 .debug_macro   0x00000000000162d9      0x1f2 Drivers/STM32F4xx_HAL_Driver/Src/stm32f4xx_hal_rcc.o
 .debug_macro   0x00000000000164cb      0x1dd Drivers/STM32F4xx_HAL_Driver/Src/stm32f4xx_hal_spi.o
 .debug_macro   0x00000000000166a8      0x1cf Drivers/STM32F4xx_HAL_Driver/Src/stm32f4xx_hal_tim.o
 .debug_macro   0x0000000000016877      0x1ce Drivers/STM32F4xx_HAL_Driver/Src/stm32f4xx_hal_tim_ex.o

.debug_line     0x0000000000000000     0xf221
 .debug_line    0x0000000000000000      0x93f Core/Src/NRF24L01.o
 .debug_line    0x000000000000093f      0x6c1 Core/Src/dma.o
 .debug_line    0x0000000000001000      0x6d4 Core/Src/gpio.o
 .debug_line    0x00000000000016d4      0xd41 Core/Src/main.o
 .debug_line    0x0000000000002415      0x737 Core/Src/spi.o
 .debug_line    0x0000000000002b4c      0x6c6 Core/Src/stm32f4xx_hal_msp.o
 .debug_line    0x0000000000003212      0x7a0 Core/Src/stm32f4xx_it.o
 .debug_line    0x00000000000039b2      0x747 Core/Src/system_stm32f4xx.o
 .debug_line    0x00000000000040f9      0x982 Core/Src/tim.o
 .debug_line    0x0000000000004a7b       0x88 Core/Startup/startup_stm32f401ccux.o
 .debug_line    0x0000000000004b03      0x9ad Drivers/STM32F4xx_HAL_Driver/Src/stm32f4xx_hal.o
 .debug_line    0x00000000000054b0      0xc5c Drivers/STM32F4xx_HAL_Driver/Src/stm32f4xx_hal_cortex.o
 .debug_line    0x000000000000610c      0xf12 Drivers/STM32F4xx_HAL_Driver/Src/stm32f4xx_hal_dma.o
 .debug_line    0x000000000000701e      0xae7 Drivers/STM32F4xx_HAL_Driver/Src/stm32f4xx_hal_gpio.o
 .debug_line    0x0000000000007b05      0xd27 Drivers/STM32F4xx_HAL_Driver/Src/stm32f4xx_hal_rcc.o
 .debug_line    0x000000000000882c     0x1c35 Drivers/STM32F4xx_HAL_Driver/Src/stm32f4xx_hal_spi.o
 .debug_line    0x000000000000a461     0x347b Drivers/STM32F4xx_HAL_Driver/Src/stm32f4xx_hal_tim.o
 .debug_line    0x000000000000d8dc     0x1945 Drivers/STM32F4xx_HAL_Driver/Src/stm32f4xx_hal_tim_ex.o

.debug_str      0x0000000000000000    0x8caf0
 .debug_str     0x0000000000000000    0x85af4 Core/Src/NRF24L01.o
                                      0x85e0a (size before relaxing)
 .debug_str     0x0000000000085af4      0x55e Core/Src/dma.o
                                      0x8599f (size before relaxing)
 .debug_str     0x0000000000086052       0x5c Core/Src/gpio.o
                                      0x856b3 (size before relaxing)
 .debug_str     0x00000000000860ae     0x3e79 Core/Src/main.o
                                      0x89c41 (size before relaxing)
 .debug_str     0x0000000000089f27       0x4b Core/Src/spi.o
                                      0x85b10 (size before relaxing)
 .debug_str     0x0000000000089f72       0x2c Core/Src/stm32f4xx_hal_msp.o
                                      0x85616 (size before relaxing)
 .debug_str     0x0000000000089f9e       0xe3 Core/Src/stm32f4xx_it.o
                                      0x85804 (size before relaxing)
 .debug_str     0x000000000008a081       0xaf Core/Src/system_stm32f4xx.o
                                      0x855ef (size before relaxing)
 .debug_str     0x000000000008a130      0x228 Core/Src/tim.o
                                      0x85e15 (size before relaxing)
 .debug_str     0x000000000008a358       0x78 Core/Startup/startup_stm32f401ccux.o
 .debug_str     0x000000000008a3d0      0x583 Drivers/STM32F4xx_HAL_Driver/Src/stm32f4xx_hal.o
                                      0x85f6f (size before relaxing)
 .debug_str     0x000000000008a953      0x399 Drivers/STM32F4xx_HAL_Driver/Src/stm32f4xx_hal_cortex.o
                                      0x85d4c (size before relaxing)
 .debug_str     0x000000000008acec      0x315 Drivers/STM32F4xx_HAL_Driver/Src/stm32f4xx_hal_dma.o
                                      0x85a07 (size before relaxing)
 .debug_str     0x000000000008b001      0x15f Drivers/STM32F4xx_HAL_Driver/Src/stm32f4xx_hal_gpio.o
                                      0x85796 (size before relaxing)
 .debug_str     0x000000000008b160      0x259 Drivers/STM32F4xx_HAL_Driver/Src/stm32f4xx_hal_rcc.o
                                      0x859f1 (size before relaxing)
 .debug_str     0x000000000008b3b9      0x57f Drivers/STM32F4xx_HAL_Driver/Src/stm32f4xx_hal_spi.o
                                      0x85e81 (size before relaxing)
 .debug_str     0x000000000008b938      0xd5e Drivers/STM32F4xx_HAL_Driver/Src/stm32f4xx_hal_tim.o
                                      0x8690c (size before relaxing)
 .debug_str     0x000000000008c696      0x45a Drivers/STM32F4xx_HAL_Driver/Src/stm32f4xx_hal_tim_ex.o
                                      0x860bd (size before relaxing)

.comment        0x0000000000000000       0x53
 .comment       0x0000000000000000       0x53 Core/Src/NRF24L01.o
                                         0x54 (size before relaxing)
 .comment       0x0000000000000053       0x54 Core/Src/dma.o
 .comment       0x0000000000000053       0x54 Core/Src/gpio.o
 .comment       0x0000000000000053       0x54 Core/Src/main.o
 .comment       0x0000000000000053       0x54 Core/Src/spi.o
 .comment       0x0000000000000053       0x54 Core/Src/stm32f4xx_hal_msp.o
 .comment       0x0000000000000053       0x54 Core/Src/stm32f4xx_it.o
 .comment       0x0000000000000053       0x54 Core/Src/system_stm32f4xx.o
 .comment       0x0000000000000053       0x54 Core/Src/tim.o
 .comment       0x0000000000000053       0x54 Drivers/STM32F4xx_HAL_Driver/Src/stm32f4xx_hal.o
 .comment       0x0000000000000053       0x54 Drivers/STM32F4xx_HAL_Driver/Src/stm32f4xx_hal_cortex.o
 .comment       0x0000000000000053       0x54 Drivers/STM32F4xx_HAL_Driver/Src/stm32f4xx_hal_dma.o
 .comment       0x0000000000000053       0x54 Drivers/STM32F4xx_HAL_Driver/Src/stm32f4xx_hal_gpio.o
 .comment       0x0000000000000053       0x54 Drivers/STM32F4xx_HAL_Driver/Src/stm32f4xx_hal_rcc.o
 .comment       0x0000000000000053       0x54 Drivers/STM32F4xx_HAL_Driver/Src/stm32f4xx_hal_spi.o
 .comment       0x0000000000000053       0x54 Drivers/STM32F4xx_HAL_Driver/Src/stm32f4xx_hal_tim.o
 .comment       0x0000000000000053       0x54 Drivers/STM32F4xx_HAL_Driver/Src/stm32f4xx_hal_tim_ex.o

.debug_frame    0x0000000000000000     0x36ac
 .debug_frame   0x0000000000000000      0x224 Core/Src/NRF24L01.o
 .debug_frame   0x0000000000000224       0x34 Core/Src/dma.o
 .debug_frame   0x0000000000000258       0x34 Core/Src/gpio.o
 .debug_frame   0x000000000000028c      0x19c Core/Src/main.o
 .debug_frame   0x0000000000000428       0x74 Core/Src/spi.o
 .debug_frame   0x000000000000049c       0x38 Core/Src/stm32f4xx_hal_msp.o
 .debug_frame   0x00000000000004d4      0x120 Core/Src/stm32f4xx_it.o
 .debug_frame   0x00000000000005f4       0x58 Core/Src/system_stm32f4xx.o
 .debug_frame   0x000000000000064c       0xe8 Core/Src/tim.o
 .debug_frame   0x0000000000000734      0x374 Drivers/STM32F4xx_HAL_Driver/Src/stm32f4xx_hal.o
 .debug_frame   0x0000000000000aa8      0x498 Drivers/STM32F4xx_HAL_Driver/Src/stm32f4xx_hal_cortex.o
 .debug_frame   0x0000000000000f40      0x250 Drivers/STM32F4xx_HAL_Driver/Src/stm32f4xx_hal_dma.o
 .debug_frame   0x0000000000001190      0x14c Drivers/STM32F4xx_HAL_Driver/Src/stm32f4xx_hal_gpio.o
 .debug_frame   0x00000000000012dc      0x1ec Drivers/STM32F4xx_HAL_Driver/Src/stm32f4xx_hal_rcc.o
 .debug_frame   0x00000000000014c8      0x824 Drivers/STM32F4xx_HAL_Driver/Src/stm32f4xx_hal_spi.o
 .debug_frame   0x0000000000001cec     0x11bc Drivers/STM32F4xx_HAL_Driver/Src/stm32f4xx_hal_tim.o
 .debug_frame   0x0000000000002ea8      0x638 Drivers/STM32F4xx_HAL_Driver/Src/stm32f4xx_hal_tim_ex.o
 .debug_frame   0x00000000000034e0       0x2c c:/st/stm32cubeide_1.6.1/stm32cubeide/plugins/com.st.stm32cube.ide.mcu.externaltools.gnu-tools-for-stm32.9-2020-q2-update.win32_1.5.0.202011040924/tools/bin/../lib/gcc/arm-none-eabi/9.3.1/../../../../arm-none-eabi/lib/thumb/v7e-m+fp/hard\libc_nano.a(lib_a-init.o)
 .debug_frame   0x000000000000350c       0x20 c:/st/stm32cubeide_1.6.1/stm32cubeide/plugins/com.st.stm32cube.ide.mcu.externaltools.gnu-tools-for-stm32.9-2020-q2-update.win32_1.5.0.202011040924/tools/bin/../lib/gcc/arm-none-eabi/9.3.1/../../../../arm-none-eabi/lib/thumb/v7e-m+fp/hard\libc_nano.a(lib_a-memset.o)
 .debug_frame   0x000000000000352c       0xac c:/st/stm32cubeide_1.6.1/stm32cubeide/plugins/com.st.stm32cube.ide.mcu.externaltools.gnu-tools-for-stm32.9-2020-q2-update.win32_1.5.0.202011040924/tools/bin/../lib/gcc/arm-none-eabi/9.3.1/thumb/v7e-m+fp/hard\libgcc.a(_arm_addsubdf3.o)
 .debug_frame   0x00000000000035d8       0x50 c:/st/stm32cubeide_1.6.1/stm32cubeide/plugins/com.st.stm32cube.ide.mcu.externaltools.gnu-tools-for-stm32.9-2020-q2-update.win32_1.5.0.202011040924/tools/bin/../lib/gcc/arm-none-eabi/9.3.1/thumb/v7e-m+fp/hard\libgcc.a(_arm_muldivdf3.o)
 .debug_frame   0x0000000000003628       0x24 c:/st/stm32cubeide_1.6.1/stm32cubeide/plugins/com.st.stm32cube.ide.mcu.externaltools.gnu-tools-for-stm32.9-2020-q2-update.win32_1.5.0.202011040924/tools/bin/../lib/gcc/arm-none-eabi/9.3.1/thumb/v7e-m+fp/hard\libgcc.a(_arm_truncdfsf2.o)
 .debug_frame   0x000000000000364c       0x2c c:/st/stm32cubeide_1.6.1/stm32cubeide/plugins/com.st.stm32cube.ide.mcu.externaltools.gnu-tools-for-stm32.9-2020-q2-update.win32_1.5.0.202011040924/tools/bin/../lib/gcc/arm-none-eabi/9.3.1/thumb/v7e-m+fp/hard\libgcc.a(_aeabi_uldivmod.o)
 .debug_frame   0x0000000000003678       0x34 c:/st/stm32cubeide_1.6.1/stm32cubeide/plugins/com.st.stm32cube.ide.mcu.externaltools.gnu-tools-for-stm32.9-2020-q2-update.win32_1.5.0.202011040924/tools/bin/../lib/gcc/arm-none-eabi/9.3.1/thumb/v7e-m+fp/hard\libgcc.a(_udivmoddi4.o)
